SECTION4_KERNEL_AXIOM_AUDIT_OK declarations=3842 modules=357 codegenOnly=76084
'Universality.Rule.generationMetricSpace_dimH_eq' depends on axioms: [propext, Classical.choice, Quot.sound]
'Universality.Rule.Classical.criticalDimensions_ambient_hausdorff' depends on axioms: [propext,
 Classical.choice,
 Quot.sound]
'Universality.Rule.Classical.criticalDimensions_geometric_finite_growth' depends on axioms: [propext,
 Classical.choice,
 Quot.sound]
'Universality.Geometry.SymbolicHausdorff.logarithmic_dimension_le_of_separation' depends on axioms: [propext,
 Classical.choice,
 Quot.sound]
'Universality.Geometry.SeparatedSimilarities.logarithmic_dimension_le' depends on axioms: [propext,
 Classical.choice,
 Quot.sound]
'Universality.Geometry.SeparatedBlocks.integer_scale_dimension_le' depends on axioms: [propext,
 Classical.choice,
 Quot.sound]
'Universality.Geometry.IsometricSequence.completionCell_dist' depends on axioms: [propext, Classical.choice, Quot.sound]
'Universality.Geometry.exists_internal_similarity' depends on axioms: [propext, Classical.choice, Quot.sound]
'Universality.logarithmic_dimension_le_of_block_bounds' depends on axioms: [propext, Classical.choice, Quot.sound]