'Universality.Rule.uniformRootInfiniteClusterEvent_iff' depends on axioms: [propext, Classical.choice, Quot.sound]
'Universality.Rule.generation_uniformRootSample_size_tendsto' depends on axioms: [propext, Classical.choice, Quot.sound]
'Universality.Rule.uniformRootFiniteClusterProbability_eq_limiting' depends on axioms: [propext,
 Classical.choice,
 Quot.sound]
'Universality.Rule.uniformRootInfiniteClusterProbability_eq_escapingRootMass' depends on axioms: [propext,
 Classical.choice,
 Quot.sound]
'Universality.Rule.physicalInfiniteClusterProbability_eq' depends on axioms: [propext, Classical.choice, Quot.sound]
'Universality.Rule.physicalFiniteClusterProbability_eq' depends on axioms: [propext, Classical.choice, Quot.sound]
'Universality.Rule.Classical.physical_beta_exponent' depends on axioms: [propext, Classical.choice, Quot.sound]
'Universality.Rule.Classical.physical_delta_exponent' depends on axioms: [propext, Classical.choice, Quot.sound]
'Universality.Rule.Classical.crossing_length_exponent' depends on axioms: [propext, Classical.choice, Quot.sound]
'Universality.Rule.Classical.averaged_connectivity_exponent' depends on axioms: [propext, Classical.choice, Quot.sound]
'Universality.Rule.Classical.hasCriticalExponents' depends on axioms: [propext, Classical.choice, Quot.sound]
'Universality.Rule.critical_exponents_unique' depends on axioms: [propext, Classical.choice, Quot.sound]
'Universality.Rule.Classical.hasCriticalExponents_in_dimensions' depends on axioms: [propext,
 Classical.choice,
 Quot.sound]
'Universality.Rule.Classical.same_critical_exponent_class_iff_dimensions' depends on axioms: [propext,
 Classical.choice,
 Quot.sound]
'Universality.Section5.RuleResponses.interior_nonempty' depends on axioms: [propext, Classical.choice, Quot.sound]
'Universality.Section5.RuleResponses.edges_neZero' depends on axioms: [propext, Classical.choice, Quot.sound]
'Universality.Section5.RuleResponses.hasCriticalExponents' depends on axioms: [propext, Classical.choice, Quot.sound]
'Universality.Section5.RuleResponses.physical_infinite_cluster_positive_iff' depends on axioms: [propext,
 Classical.choice,
 Quot.sound]
'Universality.Section5.RuleResponses.sameCriticalExponentUniversalityClass' depends on axioms: [propext,
 Classical.choice,
 Quot.sound]
'Universality.Section5.ExactAllocationCertificate.interior_nonempty' depends on axioms: [propext,
 Classical.choice,
 Quot.sound]
'Universality.Section5.ExactAllocationCertificate.edges_neZero' depends on axioms: [propext,
 Classical.choice,
 Quot.sound]
'Universality.Section5.ExactAllocationCertificate.physical_infinite_cluster_positive_iff' depends on axioms: [propext,
 Classical.choice,
 Quot.sound]
