interpretation of Mathlib.Tactic.ToAdditive.guessNameExt took 125ms
interpretation of Mathlib.Tactic.ToDual.guessNameExt took 127ms
import took 8.04s
type checking took 595s
'Universality.Certificates.MassChunksBase661.transition0816_0832' depends on axioms: [propext]
cumulative profiling times:
	.olean serialization 52ms
	attribute application 0.0266ms
	elaboration 4.7ms
	fix level params 0.0226ms
	import 8.04s
	initialization 44.2ms
	instantiate metavars 0.0238ms
	interpretation 4.8s
	let-to-have transformation 0.025ms
	linting 1.48ms
	module linting 0.0033ms
	overlappingInstancesLinter 12.9ms
	parsing 0.687ms
	process pre-definitions 0.289ms
	share common exprs 0.0461ms
	tactic execution 0.629ms
	tacticAnalysis 25.7ms
	type checking 595s
	typeclass inference 1.25ms
