interpretation of Mathlib.Tactic.ToAdditive.guessNameExt took 141ms
interpretation of Mathlib.Tactic.ToDual.guessNameExt took 145ms
import took 10.3s
.olean serialization took 566ms
type checking took 594s
'Universality.Certificates.MassChunksBase661.transition0784_0800' depends on axioms: [propext]
cumulative profiling times:
	.olean serialization 566ms
	attribute application 0.0291ms
	elaboration 19.3ms
	fix level params 0.0164ms
	import 10.3s
	initialization 60.1ms
	instantiate metavars 0.021ms
	interpretation 4.98s
	let-to-have transformation 0.644ms
	linting 2.76ms
	module linting 0.0034ms
	overlappingInstancesLinter 21ms
	parsing 1.01ms
	process pre-definitions 4.05ms
	share common exprs 0.394ms
	tactic execution 1.86ms
	tacticAnalysis 22.4ms
	type checking 594s
	typeclass inference 1.22ms
