interpretation of Mathlib.Tactic.ToAdditive.guessNameExt took 125ms
interpretation of Mathlib.Tactic.ToDual.guessNameExt took 123ms
import took 20.1s
.olean serialization took 717ms
'Universality.Certificates.allocationBase661_massRepairEvaluation' depends on axioms: [propext]
'Universality.Certificates.allocationBase661_mass' depends on axioms: [propext, Classical.choice, Quot.sound]
cumulative profiling times:
	.olean serialization 717ms
	attribute application 0.0336ms
	blocked (unaccounted) 187ms
	congr simp thm 0.584ms
	elaboration 34.9ms
	fix level params 0.0217ms
	import 20.1s
	initialization 38.2ms
	instantiate metavars 0.275ms
	interpretation 5.68s
	let-to-have transformation 0.0825ms
	linting 5.55ms
	module linting 0.0034ms
	overlappingInstancesLinter 26ms
	parsing 1.45ms
	process pre-definitions 1.6ms
	share common exprs 0.142ms
	simp 9.01ms
	tactic execution 26.6ms
	tacticAnalysis 25.4ms
	type checking 0.842ms
	typeclass inference 19.4ms
