interpretation of Mathlib.Tactic.ToAdditive.guessNameExt took 126ms
interpretation of Mathlib.Tactic.ToDual.guessNameExt took 134ms
import took 18.5s
.olean serialization took 1.34s
cumulative profiling times:
	.olean serialization 1.34s
	attribute application 0.085ms
	elaboration 32.9ms
	fix level params 0.0563ms
	import 18.5s
	initialization 45.7ms
	instantiate metavars 0.0829ms
	interpretation 6.07s
	let-to-have transformation 0.113ms
	linting 8.03ms
	module linting 0.004ms
	overlappingInstancesLinter 23.4ms
	parsing 1.7ms
	process pre-definitions 2.43ms
	share common exprs 0.234ms
	tactic execution 14.1ms
	tacticAnalysis 27.9ms
	type checking 9ms
	typeclass inference 29.5ms
