interpretation of Mathlib.Tactic.ToAdditive.guessNameExt took 120ms
interpretation of Mathlib.Tactic.ToDual.guessNameExt took 128ms
import took 34.6s
.olean serialization took 1.87s
cumulative profiling times:
	.olean serialization 1.87s
	attribute application 0.0971ms
	elaboration 87.8ms
	fix level params 0.152ms
	import 34.6s
	initialization 48.7ms
	instantiate metavars 0.187ms
	interpretation 6.48s
	let-to-have transformation 0.342ms
	linting 9.74ms
	module linting 0.0029ms
	norm_num 28.6ms
	overlappingInstancesLinter 19.1ms
	parsing 7.34ms
	process pre-definitions 2.56ms
	share common exprs 1.17ms
	tactic execution 43ms
	tacticAnalysis 33.1ms
	type checking 41.5ms
	typeclass inference 237ms
