interpretation of Mathlib.Tactic.ToAdditive.guessNameExt took 121ms
interpretation of Mathlib.Tactic.ToDual.guessNameExt took 116ms
import took 6.94s
type checking took 3.62s
'Universality.Certificates.allocationBase661_chunk_values' depends on axioms: [propext]
'Universality.Certificates.allocationBase661_terminalMass' does not depend on any axioms
'Universality.Certificates.allocationBase661_initialMassEvaluation' depends on axioms: [propext,
 Classical.choice,
 Quot.sound]
cumulative profiling times:
	.olean serialization 36.8ms
	attribute application 0.0451ms
	compilation (IR) 2.22ms
	compilation (LCNF base) 16.3ms
	compilation (LCNF impure) 5.75ms
	compilation (LCNF mono) 5.64ms
	elaboration 33.8ms
	fix level params 0.0437ms
	import 6.94s
	initialization 37.5ms
	instantiate metavars 0.0693ms
	interpretation 4.35s
	let-to-have transformation 0.0484ms
	linting 1.89ms
	module linting 0.0022ms
	overlappingInstancesLinter 8.72ms
	parsing 2.1ms
	process pre-definitions 17.5ms
	share common exprs 0.203ms
	tactic execution 0.437ms
	tacticAnalysis 21.4ms
	type checking 3.62s
	typeclass inference 4.25ms
