interpretation of Mathlib.Tactic.ToAdditive.guessNameExt took 142ms
interpretation of Mathlib.Tactic.ToDual.guessNameExt took 145ms
import took 8.3s
type checking took 583s
'Universality.Certificates.MassChunksBase661.transition0800_0816' depends on axioms: [propext]
cumulative profiling times:
	.olean serialization 42ms
	attribute application 0.0233ms
	elaboration 3.92ms
	fix level params 0.0162ms
	import 8.3s
	initialization 51.6ms
	instantiate metavars 0.0171ms
	interpretation 4.85s
	let-to-have transformation 0.0196ms
	linting 1.21ms
	module linting 0.0023ms
	overlappingInstancesLinter 13.6ms
	parsing 0.467ms
	process pre-definitions 0.277ms
	share common exprs 0.0409ms
	tactic execution 0.508ms
	tacticAnalysis 21.4ms
	type checking 583s
	typeclass inference 1.1ms
