'Universality.Rule.Classical.commensurate_of_coreExponentFormulas_rank' depends on axioms: [propext,
 Classical.choice,
 Quot.sound,
 Universality.External.six_exponentials]
'Universality.Rule.Classical.commensurate_of_coreExponentFormulas_irreducible' depends on axioms: [propext,
 Classical.choice,
 Quot.sound,
 Universality.External.six_exponentials]
'Universality.Rule.Classical.common_primitive_base_of_coreExponentFormulas_rank' depends on axioms: [propext,
 Classical.choice,
 Quot.sound,
 Universality.External.six_exponentials]
'Universality.Rule.Classical.common_primitive_base_of_coreExponentFormulas_irreducible' depends on axioms: [propext,
 Classical.choice,
 Quot.sound,
 Universality.External.six_exponentials]
'Universality.Rule.Classical.scale_log_rank_le_two_of_coreExponentFormulas' depends on axioms: [propext,
 Classical.choice,
 Quot.sound,
 Universality.External.six_exponentials]
'Universality.Rule.Classical.aligned_coreExponentFormulas_iff' depends on axioms: [propext,
 Classical.choice,
 Quot.sound]
'Universality.Rule.Classical.scale_power_two_of_wheatstone_coreExponentFormulas' depends on axioms: [propext,
 Classical.choice,
 Quot.sound,
 Universality.External.six_exponentials]
'Universality.Rule.Classical.scale_power_two_of_diamond_coreExponentFormulas' depends on axioms: [propext,
 Classical.choice,
 Quot.sound,
 Universality.External.six_exponentials]