'Universality.Section4.sqrt_five_adjoin_coordinates' depends on axioms: [propext, Classical.choice, Quot.sound]
'Universality.Section4.diamond_discriminant_not_square_in_field' depends on axioms: [propext,
 Classical.choice,
 Quot.sound]
'Universality.Section4.diamond_discriminant_sqrt_not_mem' depends on axioms: [propext, Classical.choice, Quot.sound]
'Universality.Section4.diamond_mass_expression_not_mem' depends on axioms: [propext, Classical.choice, Quot.sound]
'Universality.Section4.diamond_pivotal_expression_no_integer_power' depends on axioms: [propext,
 Classical.choice,
 Quot.sound]
'Universality.Section4.diamond_pivotal_dimension_transcendental' depends on axioms: [propext,
 Classical.choice,
 Quot.sound,
 Universality.External.gelfond_schneider_real]
'Universality.diamond_actual_critical_field' depends on axioms: [propext, Classical.choice, Quot.sound]
'Universality.diamond_actual_mass_nonsplit' depends on axioms: [propext, Classical.choice, Quot.sound]
'Universality.diamond_actual_pivotal_no_integer_power' depends on axioms: [propext, Classical.choice, Quot.sound]
'Universality.diamond_actual_pivotal_dimension_transcendental' depends on axioms: [propext,
 Classical.choice,
 Quot.sound,
 Universality.External.gelfond_schneider_real]
