Universality/Probability/BranchingMoments.lean:16:0: warning: automatically included section variable(s) unused in theorem `Universality.branchingChildMoment_zero`:
  [Fintype ι]
  [DecidableEq ι]
consider restructuring your `variable` declarations so that the variables are not in scope or explicitly omit them:
  omit [Fintype ι] [DecidableEq ι] in theorem ...

Note: This linter can be disabled with `set_option linter.unusedSectionVars false`
Universality/Probability/BranchingMoments.lean:20:0: warning: automatically included section variable(s) unused in theorem `Universality.branchingChildMoment_nonneg`:
  [Fintype ι]
  [DecidableEq ι]
consider restructuring your `variable` declarations so that the variables are not in scope or explicitly omit them:
  omit [Fintype ι] [DecidableEq ι] in theorem ...

Note: This linter can be disabled with `set_option linter.unusedSectionVars false`
Universality/Probability/BranchingMoments.lean:27:0: warning: automatically included section variable(s) unused in theorem `Universality.branchingChildMoment_bound`:
  [Fintype ι]
  [DecidableEq ι]
consider restructuring your `variable` declarations so that the variables are not in scope or explicitly omit them:
  omit [Fintype ι] [DecidableEq ι] in theorem ...

Note: This linter can be disabled with `set_option linter.unusedSectionVars false`
Universality/Probability/BranchingMoments.lean:55:0: warning: automatically included section variable(s) unused in theorem `Universality.branchingMomentOperator_linear_part`:
  [DecidableEq Ω]
consider restructuring your `variable` declarations so that the variables are not in scope or explicitly omit them:
  omit [DecidableEq Ω] in theorem ...

Note: This linter can be disabled with `set_option linter.unusedSectionVars false`