SECTION4_KERNEL_AXIOM_AUDIT_OK declarations=5740 modules=645 codegenOnly=76334
'Universality.Rule.generationMetricSpace_dimH_eq' depends on axioms: [propext, Classical.choice, Quot.sound]
'Universality.Rule.Classical.criticalDimensions_geometric_finite_growth' depends on axioms: [propext,
 Classical.choice,
 Quot.sound]
'Universality.Rule.CoreObservableExponents.to_formula' depends on axioms: [propext, Classical.choice, Quot.sound]
'Universality.Rule.Classical.existsUnique_coreObservableExponents' depends on axioms: [propext,
 Classical.choice,
 Quot.sound]
'Universality.Rule.CoreObservableExponents.positive' depends on axioms: [propext, Classical.choice, Quot.sound]
'Universality.Rule.Classical.coreObservableExponents_eq_iff_criticalDimensions_eq' depends on axioms: [propext,
 Classical.choice,
 Quot.sound]
'Universality.Rule.Classical.commensurate_of_coreObservableExponents_rank' depends on axioms: [propext,
 Classical.choice,
 Quot.sound,
 Universality.External.six_exponentials]
'Universality.Rule.Classical.commensurate_of_coreObservableExponents_irreducible' depends on axioms: [propext,
 Classical.choice,
 Quot.sound,
 Universality.External.six_exponentials]
'Universality.Rule.Classical.common_primitive_base_of_coreObservableExponents_rank' depends on axioms: [propext,
 Classical.choice,
 Quot.sound,
 Universality.External.six_exponentials]
'Universality.Rule.Classical.common_primitive_base_of_coreObservableExponents_irreducible' depends on axioms: [propext,
 Classical.choice,
 Quot.sound,
 Universality.External.six_exponentials]
'Universality.Rule.Classical.scale_log_rank_le_two_of_coreObservableExponents' depends on axioms: [propext,
 Classical.choice,
 Quot.sound,
 Universality.External.six_exponentials]
'Universality.Rule.Classical.aligned_coreObservableExponents_iff' depends on axioms: [propext,
 Classical.choice,
 Quot.sound]
'Universality.Rule.Classical.scale_power_two_of_wheatstone_coreObservableExponents' depends on axioms: [propext,
 Classical.choice,
 Quot.sound,
 Universality.External.six_exponentials]
'Universality.Rule.Classical.scale_power_two_of_diamond_coreObservableExponents' depends on axioms: [propext,
 Classical.choice,
 Quot.sound,
 Universality.External.six_exponentials]
'Universality.Rule.Classical.massPlane_charpoly_irreducible_iff' depends on axioms: [propext,
 Classical.choice,
 Quot.sound]
'Universality.Rule.Classical.same_physical_class_iff_criticalDimensions' depends on axioms: [propext,
 Classical.choice,
 Quot.sound]
'Universality.Rule.Classical.commensurate_of_physicalClass_rank' depends on axioms: [propext,
 Classical.choice,
 Quot.sound,
 Universality.External.six_exponentials]
'Universality.Rule.Classical.criticalDimension_rank_le_two_of_physicalClass_not_commensurate' depends on axioms: [propext,
 Classical.choice,
 Quot.sound,
 Universality.External.six_exponentials]
'Universality.Rule.Classical.commensurate_of_physicalClass_irreducible' depends on axioms: [propext,
 Classical.choice,
 Quot.sound,
 Universality.External.six_exponentials]
'Universality.Rule.Classical.common_primitive_base_of_physicalClass_rank' depends on axioms: [propext,
 Classical.choice,
 Quot.sound,
 Universality.External.six_exponentials]
'Universality.Rule.Classical.common_primitive_base_of_physicalClass_irreducible' depends on axioms: [propext,
 Classical.choice,
 Quot.sound,
 Universality.External.six_exponentials]
'Universality.Rule.Classical.scale_log_rank_le_two_of_physicalClass' depends on axioms: [propext,
 Classical.choice,
 Quot.sound,
 Universality.External.six_exponentials]
'Universality.Rule.Classical.aligned_physicalClass_iff' depends on axioms: [propext, Classical.choice, Quot.sound]
'Universality.Rule.Classical.scale_power_two_of_wheatstone_physicalClass' depends on axioms: [propext,
 Classical.choice,
 Quot.sound,
 Universality.External.six_exponentials]
'Universality.Rule.Classical.scale_power_two_of_diamond_physicalClass' depends on axioms: [propext,
 Classical.choice,
 Quot.sound,
 Universality.External.six_exponentials]