'Universality.Rule.Classical.same_physical_class_iff_criticalDimensions' depends on axioms: [propext,
 Classical.choice,
 Quot.sound]
'Universality.Rule.Classical.commensurate_of_physicalClass_rank' depends on axioms: [propext,
 Classical.choice,
 Quot.sound,
 Universality.External.six_exponentials]
'Universality.Rule.Classical.criticalDimension_rank_le_two_of_physicalClass_not_commensurate' depends on axioms: [propext,
 Classical.choice,
 Quot.sound,
 Universality.External.six_exponentials]
'Universality.Rule.Classical.commensurate_of_physicalClass_irreducible' depends on axioms: [propext,
 Classical.choice,
 Quot.sound,
 Universality.External.six_exponentials]
'Universality.Rule.Classical.common_primitive_base_of_physicalClass_rank' depends on axioms: [propext,
 Classical.choice,
 Quot.sound,
 Universality.External.six_exponentials]
'Universality.Rule.Classical.common_primitive_base_of_physicalClass_irreducible' depends on axioms: [propext,
 Classical.choice,
 Quot.sound,
 Universality.External.six_exponentials]
'Universality.Rule.Classical.scale_log_rank_le_two_of_physicalClass' depends on axioms: [propext,
 Classical.choice,
 Quot.sound,
 Universality.External.six_exponentials]
'Universality.Rule.Classical.aligned_physicalClass_iff' depends on axioms: [propext, Classical.choice, Quot.sound]
'Universality.Rule.Classical.scale_power_two_of_wheatstone_physicalClass' depends on axioms: [propext,
 Classical.choice,
 Quot.sound,
 Universality.External.six_exponentials]
'Universality.Rule.Classical.scale_power_two_of_diamond_physicalClass' depends on axioms: [propext,
 Classical.choice,
 Quot.sound,
 Universality.External.six_exponentials]