Checking Universality/Matrix/TwoByTwo.lean
Checking Universality/Matrix/SpectralSeparation.lean
Checking Universality/Algebra/MultiplicativeObstruction.lean
Checking Universality/Graph/Reachability.lean
Checking Universality/Percolation/FiniteNetwork.lean
Checking Universality/Percolation/Wheatstone.lean
Checking Universality/Percolation/Bernoulli.lean
Checking Universality/Percolation/WheatstoneKernels.lean
Checking Universality/Percolation/ReliabilityPolynomial.lean
Checking Universality/Percolation/WheatstoneReliability.lean
Checking Universality/Percolation/FastReachability.lean
Checking Universality/Matrix/PositiveEigenvector.lean
Checking Universality/Matrix/PositiveTwoByTwo.lean
Checking Universality/Matrix/NoncommutativeExample.lean
Checking Universality/Matrix/CommonPositiveVector.lean
Checking Universality/Matrix/MassPlane.lean
Checking Universality/Percolation/ReliabilityDerivative.lean
Checking Universality/Matrix/WheatstoneSpectrum.lean
Checking Universality/Matrix/PopulationGrowth.lean
Checking Universality/Percolation/BitConnectivity.lean
Checking Universality/Percolation/ConfigurationEncoding.lean
Checking Universality/Arithmetic/Commensurability.lean
Checking Universality/Algebra/WordExpansion.lean
Checking Universality/Algebra/GroupedWords.lean
Checking Universality/Algebra/PacketCancellation.lean
Checking Universality/Certificates/IntegerMoments.lean
Checking Universality/Certificates/Data/Base19.lean
Checking Universality/Certificates/Data/Base661.lean
Checking Universality/Certificates/Data/Base739.lean
Checking Universality/Certificates/Data/Shifted19.lean
Checking Universality/Percolation/FirstMoments.lean
Checking Universality/Graph/StoppedIteration.lean
Checking Universality/Certificates/Capacity.lean
Checking Universality/Percolation/StoppedConnectivity.lean
Checking Universality/Graph/Substitution.lean
Checking Universality/Percolation/SubstitutionLaw.lean
Checking Universality/Percolation/SubstitutionDerivative.lean
Checking Universality/Graph/NetworkSymmetry.lean
Checking Universality/Percolation/TerminalSymmetry.lean
Checking Universality/Percolation/WheatstoneSymmetry.lean
Checking Universality/Algebra/CyclicInvariance.lean
Checking Universality/Percolation/ConnectivityCertificate.lean
Checking Universality/Percolation/CertifiedCounts.lean
Checking Universality/Percolation/OppositeWheatstone.lean
Checking Universality/Certificates/Opposite/Batch00.lean
Checking Universality/Certificates/Opposite/Batch01.lean
Checking Universality/Certificates/Opposite/Batch02.lean
Checking Universality/Certificates/Opposite/Batch03.lean
Checking Universality/Certificates/Opposite/Batch04.lean
Checking Universality/Certificates/Opposite/Batch05.lean
Checking Universality/Certificates/Opposite/Batch06.lean
Checking Universality/Certificates/Opposite/Batch07.lean
Checking Universality/Certificates/Opposite/Batch08.lean
Checking Universality/Certificates/Opposite/Batch09.lean
Checking Universality/Certificates/Opposite/Batch10.lean
Checking Universality/Certificates/Opposite/Batch11.lean
Checking Universality/Certificates/Opposite/Batch12.lean
Checking Universality/Certificates/Opposite/Batch13.lean
Checking Universality/Certificates/Opposite/Batch14.lean
Checking Universality/Certificates/Opposite/Batch15.lean
Checking Universality/Certificates/Opposite/Batch16.lean
Checking Universality/Certificates/Opposite/Batch17.lean
Checking Universality/Certificates/Opposite/Batch18.lean
Checking Universality/Certificates/Opposite/Batch19.lean
Checking Universality/Certificates/Opposite/Batch20.lean
Checking Universality/Certificates/Opposite/Batch21.lean
Checking Universality/Certificates/Opposite/Batch22.lean
Checking Universality/Certificates/Opposite/Batch23.lean
Checking Universality/Certificates/Opposite/Batch24.lean
Checking Universality/Certificates/Opposite/Batch25.lean
Checking Universality/Certificates/Opposite/Batch26.lean
Checking Universality/Certificates/Opposite/Batch27.lean
Checking Universality/Certificates/Opposite/Batch28.lean
Checking Universality/Certificates/Opposite/Batch29.lean
Checking Universality/Certificates/Opposite/Batch30.lean
Checking Universality/Certificates/Opposite/Batch31.lean
Checking Universality/Certificates/Opposite/Batch32.lean
Checking Universality/Certificates/Opposite/Batch33.lean
Checking Universality/Certificates/Opposite/Batch34.lean
Checking Universality/Certificates/Opposite/Batch35.lean
Checking Universality/Certificates/Opposite/Batch36.lean
Checking Universality/Certificates/Opposite/Batch37.lean
Checking Universality/Certificates/Opposite/Batch38.lean
Checking Universality/Certificates/Opposite/Batch39.lean
Checking Universality/Certificates/Opposite/Batch40.lean
Checking Universality/Certificates/Opposite/Batch41.lean
Checking Universality/Certificates/Opposite/Batch42.lean
Checking Universality/Certificates/Opposite/Batch43.lean
Checking Universality/Certificates/Opposite/Batch44.lean
Checking Universality/Certificates/Opposite/Batch45.lean
Checking Universality/Certificates/Opposite/Batch46.lean
Checking Universality/Certificates/Opposite/Batch47.lean
Checking Universality/Certificates/Opposite/Batch48.lean
Checking Universality/Certificates/Opposite/Batch49.lean
Checking Universality/Certificates/Opposite/Batch50.lean
Checking Universality/Certificates/Opposite/Batch51.lean
Checking Universality/Certificates/Opposite/Batch52.lean
Checking Universality/Certificates/Opposite/Batch53.lean
Checking Universality/Certificates/Opposite/Batch54.lean
Checking Universality/Certificates/Opposite/Batch55.lean
Checking Universality/Certificates/Opposite/Batch56.lean
Checking Universality/Certificates/Opposite/Batch57.lean
Checking Universality/Certificates/Opposite/Batch58.lean
Checking Universality/Certificates/Opposite/Batch59.lean
Checking Universality/Certificates/Opposite/Batch60.lean
Checking Universality/Certificates/Opposite/Batch61.lean
Checking Universality/Certificates/Opposite/Batch62.lean
Checking Universality/Certificates/Opposite/Batch63.lean
Checking Universality/Percolation/OppositeWheatstoneCounts.lean
Checking Universality/Graph/SubstitutionStates.lean
Universality/Graph/SubstitutionStates.lean:73:6: warning: This simp argument is unused:
  Bool.true_eq

Hint: Omit it from the simp argument list.
  simp only [Bool.false_and, Bool.true_and, Bool.false_or, Bool.false_eq_true, B̵o̵o̵l̵.̵t̵r̵u̵e̵_̵e̵q̵,̵ ̵↓reduceIte]

Note: This linter can be disabled with `set_option linter.unusedSimpArgs false`
Universality/Graph/SubstitutionStates.lean:77:6: warning: This simp argument is unused:
  Bool.true_eq

Hint: Omit it from the simp argument list.
  simp only [Bool.false_and, Bool.true_and, Bool.or_false, Bool.false_eq_true, B̵o̵o̵l̵.̵t̵r̵u̵e̵_̵e̵q̵,̵ ̵↓reduceIte]

Note: This linter can be disabled with `set_option linter.unusedSimpArgs false`
Universality/Graph/SubstitutionStates.lean:80:32: warning: This simp argument is unused:
  Bool.true_eq

Hint: Omit it from the simp argument list.
  simp only [Bool.true_and, Bool.t̵r̵u̵e̵_̵e̵q̵,̵ ̵B̵o̵o̵l̵.̵false_eq_true, ↓reduceIte]

Note: This linter can be disabled with `set_option linter.unusedSimpArgs false`
Universality/Graph/SubstitutionStates.lean:82:32: warning: This simp argument is unused:
  Bool.true_eq

Hint: Omit it from the simp argument list.
  simp only [Bool.true_and, B̵o̵o̵l̵.̵t̵r̵u̵e̵_̵e̵q̵,̵ ̵↓reduceIte]

Note: This linter can be disabled with `set_option linter.unusedSimpArgs false`
Checking Universality/Percolation/ProductDisintegration.lean
Checking Universality/Percolation/LocalMassResponse.lean
Checking Universality/Percolation/SubstitutionMass.lean
Checking Universality/Graph/SubstitutionNetwork.lean
Checking Universality/Graph/DistanceCertificate.lean
Checking Universality/Graph/SubstitutionDistance.lean
Checking Universality/Graph/Rule.lean
Checking Universality/Matrix/OppositeWheatstoneSpectrum.lean
Checking Universality/Matrix/FullNoncommutativeExample.lean
Checking Universality/Percolation/OppositeWheatstoneSymmetry.lean
Checking Universality/Examples/GraphNoncommutativity.lean
Checking Universality/Examples/GraphDistances.lean
Checking Universality/Percolation/CertifiedReliability.lean
Checking Universality/Certificates/Opposite/Crossing00.lean
Checking Universality/Certificates/Opposite/Crossing01.lean
Checking Universality/Certificates/Opposite/Crossing02.lean
Checking Universality/Certificates/Opposite/Crossing03.lean
Checking Universality/Certificates/Opposite/Crossing04.lean
Checking Universality/Certificates/Opposite/Crossing05.lean
Checking Universality/Certificates/Opposite/Crossing06.lean
Checking Universality/Certificates/Opposite/Crossing07.lean
Checking Universality/Certificates/Opposite/Crossing08.lean
Checking Universality/Certificates/Opposite/Crossing09.lean
Checking Universality/Certificates/Opposite/Crossing10.lean
Checking Universality/Certificates/Opposite/Crossing11.lean
Checking Universality/Certificates/Opposite/Crossing12.lean
Checking Universality/Certificates/Opposite/Crossing13.lean
Checking Universality/Certificates/Opposite/Crossing14.lean
Checking Universality/Certificates/Opposite/Crossing15.lean
Checking Universality/Certificates/Opposite/Crossing16.lean
Checking Universality/Certificates/Opposite/Crossing17.lean
Checking Universality/Certificates/Opposite/Crossing18.lean
Checking Universality/Certificates/Opposite/Crossing19.lean
Checking Universality/Certificates/Opposite/Crossing20.lean
Checking Universality/Certificates/Opposite/Crossing21.lean
Checking Universality/Certificates/Opposite/Crossing22.lean
Checking Universality/Certificates/Opposite/Crossing23.lean
Checking Universality/Certificates/Opposite/Crossing24.lean
Checking Universality/Certificates/Opposite/Crossing25.lean
Checking Universality/Certificates/Opposite/Crossing26.lean
Checking Universality/Certificates/Opposite/Crossing27.lean
Checking Universality/Certificates/Opposite/Crossing28.lean
Checking Universality/Certificates/Opposite/Crossing29.lean
Checking Universality/Certificates/Opposite/Crossing30.lean
Checking Universality/Certificates/Opposite/Crossing31.lean
Checking Universality/Certificates/Opposite/Crossing32.lean
Checking Universality/Certificates/Opposite/Crossing33.lean
Checking Universality/Certificates/Opposite/Crossing34.lean
Checking Universality/Certificates/Opposite/Crossing35.lean
Checking Universality/Certificates/Opposite/Crossing36.lean
Checking Universality/Certificates/Opposite/Crossing37.lean
Checking Universality/Certificates/Opposite/Crossing38.lean
Checking Universality/Certificates/Opposite/Crossing39.lean
Checking Universality/Certificates/Opposite/Crossing40.lean
Checking Universality/Certificates/Opposite/Crossing41.lean
Checking Universality/Certificates/Opposite/Crossing42.lean
Checking Universality/Certificates/Opposite/Crossing43.lean
Checking Universality/Certificates/Opposite/Crossing44.lean
Checking Universality/Certificates/Opposite/Crossing45.lean
Checking Universality/Certificates/Opposite/Crossing46.lean
Checking Universality/Certificates/Opposite/Crossing47.lean
Checking Universality/Certificates/Opposite/Crossing48.lean
Checking Universality/Certificates/Opposite/Crossing49.lean
Checking Universality/Certificates/Opposite/Crossing50.lean
Checking Universality/Certificates/Opposite/Crossing51.lean
Checking Universality/Certificates/Opposite/Crossing52.lean
Checking Universality/Certificates/Opposite/Crossing53.lean
Checking Universality/Certificates/Opposite/Crossing54.lean
Checking Universality/Certificates/Opposite/Crossing55.lean
Checking Universality/Certificates/Opposite/Crossing56.lean
Checking Universality/Certificates/Opposite/Crossing57.lean
Checking Universality/Certificates/Opposite/Crossing58.lean
Checking Universality/Certificates/Opposite/Crossing59.lean
Checking Universality/Certificates/Opposite/Crossing60.lean
Checking Universality/Certificates/Opposite/Crossing61.lean
Checking Universality/Certificates/Opposite/Crossing62.lean
Checking Universality/Certificates/Opposite/Crossing63.lean
Checking Universality/Percolation/OppositeWheatstoneReliability.lean
Checking Universality/Examples/GraphThermalResponse.lean
Checking Universality/Percolation/OppositeWheatstoneFixedPoint.lean
Checking Universality/Graph/Iteration.lean
Checking Universality/Percolation/EdgeResampling.lean
Universality/Percolation/EdgeResampling.lean:68:31: warning: This simp argument is unused:
  Equiv.symm_apply_apply

Hint: Omit it from the simp argument list.
  simp only [Fintype.sum_bool, E̵q̵u̵i̵v̵.̵s̵y̵m̵m̵_̵a̵p̵p̵l̵y̵_̵a̵p̵p̵l̵y̵,̵ ̵splitConfiguration]

Note: This linter can be disabled with `set_option linter.unusedSimpArgs false`
Universality/Percolation/EdgeResampling.lean:103:10: warning: This simp argument is unused:
  Function.update_of_ne h

Hint: Omit it from the simp argument list.
  simp [̵F̵u̵n̵c̵t̵i̵o̵n̵.̵u̵p̵d̵a̵t̵e̵_̵o̵f̵_̵n̵e̵ ̵h̵,̵ ̵i̵n̵s̵e̵r̵t̵E̵d̵g̵e̵,̵[̲i̲n̲s̲e̲r̲t̲E̲d̲g̲e̲,̲ h]

Note: This linter can be disabled with `set_option linter.unusedSimpArgs false`
Checking Universality/Percolation/Russo.lean
Checking Universality/Percolation/ConditionalPivotal.lean
Checking Universality/Percolation/PivotalDimension.lean
Checking Universality/Matrix/ColumnGrowth.lean
Universality/Matrix/ColumnGrowth.lean:89:53: warning: this tactic is never executed

Note: This linter can be disabled with `set_option linter.unreachableTactic false`
Universality/Matrix/ColumnGrowth.lean:91:53: warning: this tactic is never executed

Note: This linter can be disabled with `set_option linter.unreachableTactic false`
Universality/Matrix/ColumnGrowth.lean:89:53: warning: 'ring' tactic does nothing

Note: This linter can be disabled with `set_option linter.unusedTactic false`
Universality/Matrix/ColumnGrowth.lean:91:53: warning: 'ring' tactic does nothing

Note: This linter can be disabled with `set_option linter.unusedTactic false`
Checking Universality/Percolation/ClusterMass.lean
Checking Universality/Graph/EdgeOpening.lean
Checking Universality/Percolation/StateRowIdentities.lean
Checking Universality/Matrix/UniversalPivotalVector.lean
Checking Universality/Graph/SubstitutionSymmetry.lean
Universality/Graph/SubstitutionSymmetry.lean:24:4: warning: 'change
  (v ≠ S.source ∧ v ≠ S.target) ↔ (symmetry.vertex v ≠ S.source ∧ symmetry.vertex v ≠ S.target)' tactic does nothing

Note: This linter can be disabled with `set_option linter.unusedTactic false`
Universality/Graph/SubstitutionSymmetry.lean:104:61: warning: This simp argument is unused:
  Equiv.sumCongr_apply

Hint: Omit it from the simp argument list.
  simp only [cellVertex_source, substitutionVertexEquiv, E̵q̵u̵i̵v̵.̵s̵u̵m̵C̵o̵n̵g̵r̵_̵a̵p̵p̵l̵y̵,̵ ̵Sum.map_inl]

Note: This linter can be disabled with `set_option linter.unusedSimpArgs false`
Universality/Graph/SubstitutionSymmetry.lean:104:83: warning: This simp argument is unused:
  Sum.map_inl

Hint: Omit it from the simp argument list.
  simp only [cellVertex_source, substitutionVertexEquiv, Equiv.sumCongr_apply,̵ ̵S̵u̵m̵.̵m̵a̵p̵_̵i̵n̵l̵]

Note: This linter can be disabled with `set_option linter.unusedSimpArgs false`
Universality/Graph/SubstitutionSymmetry.lean:108:63: warning: This simp argument is unused:
  Equiv.sumCongr_apply

Hint: Omit it from the simp argument list.
  simp only [cellVertex_target, substitutionVertexEquiv, E̵q̵u̵i̵v̵.̵s̵u̵m̵C̵o̵n̵g̵r̵_̵a̵p̵p̵l̵y̵,̵ ̵Sum.map_inl]

Note: This linter can be disabled with `set_option linter.unusedSimpArgs false`
Universality/Graph/SubstitutionSymmetry.lean:108:85: warning: This simp argument is unused:
  Sum.map_inl

Hint: Omit it from the simp argument list.
  simp only [cellVertex_target, substitutionVertexEquiv, Equiv.sumCongr_apply,̵ ̵S̵u̵m̵.̵m̵a̵p̵_̵i̵n̵l̵]

Note: This linter can be disabled with `set_option linter.unusedSimpArgs false`
Checking Universality/Graph/TerminalSymmetricRule.lean
Checking Universality/Examples/GraphMassDimensions.lean
Checking Universality/Percolation/MassPositivity.lean
Checking Universality/Percolation/SimpleConfigurations.lean
Universality/Percolation/SimpleConfigurations.lean:51:2: warning: Try `simp at hreach` instead of `simpa using hreach`

Note: This linter can be disabled with `set_option linter.unnecessarySimpa false`
Checking Universality/Percolation/GeometricMassPositivity.lean
Checking Universality/Percolation/FiniteMassDimension.lean
Checking Universality/Graph/SubstitutionConnectivity.lean
Checking Universality/Examples/AdmissibleMassCounterexample.lean
Checking Universality/Matrix/TwoByTwoExpansion.lean
Universality/Matrix/TwoByTwoExpansion.lean:50:6: warning: This simp argument is unused:
  Matrix.one_apply

Hint: Omit it from the simp argument list.
  simp [Matrix.mul_apply, Fin.sum_univ_two, Matrix.trace_fin_two, Matrix.det_fin_two,̵
  ̵ ̵ ̵ ̵ ̵ ̵ ̵M̵a̵t̵r̵i̵x̵.̵o̵n̵e̵_̵a̵p̵p̵l̵y̵]

Note: This linter can be disabled with `set_option linter.unusedSimpArgs false`
Checking Universality/Percolation/ExactMassExpansion.lean
Checking Universality/Percolation/RootEdgeResponse.lean
Checking Universality/Percolation/EdgeScoreIdentities.lean
Universality/Percolation/EdgeScoreIdentities.lean:19:12: warning: This simp argument is unused:
  he

Hint: Omit it from the simp argument list.
  simp [he̵,̵ ̵h̵support ω he]

Note: This linter can be disabled with `set_option linter.unusedSimpArgs false`
Universality/Percolation/EdgeScoreIdentities.lean:22:17: warning: This simp argument is unused:
  he

Hint: Omit it from the simp argument list.
  simp only [h̵e̵,̵ ̵↓reduceIte, hu]

Note: This linter can be disabled with `set_option linter.unusedSimpArgs false`
Universality/Percolation/EdgeScoreIdentities.lean:37:17: warning: This simp argument is unused:
  he

Hint: Omit it from the simp argument list.
  simp only [h̵e̵,̵ ̵Bool.false_eq_true, ↓reduceIte, hu]

Note: This linter can be disabled with `set_option linter.unusedSimpArgs false`
Universality/Percolation/EdgeScoreIdentities.lean:38:12: warning: This simp argument is unused:
  he

Hint: Omit it from the simp argument list.
  simp [he̵,̵ ̵h̵support ω he]

Note: This linter can be disabled with `set_option linter.unusedSimpArgs false`
Universality/Percolation/EdgeScoreIdentities.lean:115:15: warning: This simp argument is unused:
  hc

Hint: Omit it from the simp argument list.
  simp only [h̵c̵,̵ ̵Bool.false_eq_true, ↓reduceIte, Finset.mul_sum, mul_ite,
  ̵  ̵ ̵ ̵ ̵ ̵mul_one, mul_zero,
  ̲  ̲ ̲ ̲ ̲ ̲Finset.sum_const_zero]

Note: This linter can be disabled with `set_option linter.unusedSimpArgs false`
Checking Universality/Matrix/PivotalRightVector.lean
Universality/Matrix/PivotalRightVector.lean:53:15: warning: This simp argument is unused:
  pivotalRightVector

Hint: Omit it from the simp argument list.
  simp only ̵[̵p̵i̵v̵o̵t̵a̵l̵R̵i̵g̵h̵t̵V̵e̵c̵t̵o̵r̵]̵

Note: This linter can be disabled with `set_option linter.unusedSimpArgs false`
Universality/Matrix/PivotalRightVector.lean:55:15: warning: This simp argument is unused:
  pivotalRightVector

Hint: Omit it from the simp argument list.
  simp only ̵[̵p̵i̵v̵o̵t̵a̵l̵R̵i̵g̵h̵t̵V̵e̵c̵t̵o̵r̵]̵

Note: This linter can be disabled with `set_option linter.unusedSimpArgs false`
Universality/Matrix/PivotalRightVector.lean:59:15: warning: This simp argument is unused:
  pivotalRightVector

Hint: Omit it from the simp argument list.
  simp only ̵[̵p̵i̵v̵o̵t̵a̵l̵R̵i̵g̵h̵t̵V̵e̵c̵t̵o̵r̵]̵

Note: This linter can be disabled with `set_option linter.unusedSimpArgs false`
Checking Universality/Matrix/CriticalBlockDecomposition.lean
Checking Universality/Matrix/RealDiagonalization.lean
Checking Universality/Matrix/ResponseDominance.lean
Checking Universality/Matrix/PrimitiveThreeState.lean
Checking Universality/Percolation/ProbabilityEndpoints.lean
Checking Universality/Percolation/InteriorFixedPoint.lean
Checking Universality/Percolation/FixedPointCutCriterion.lean
Checking Universality/Percolation/StrictReliability.lean
Checking Universality/Percolation/FiniteCore.lean
Checking Universality.lean
Checking Audit.lean
'SimpleGraph.mem_reachableBall_card_iff' depends on axioms: [propext, Classical.choice, Quot.sound]
'Universality.FiniteNetwork.sum_bernoulliWeight' depends on axioms: [propext, Classical.choice, Quot.sound]
'Universality.wheatstone_exact_counts' depends on axioms: [propext, Classical.choice, Quot.sound]
'Universality.wheatstone_fair_block' depends on axioms: [propext, Classical.choice, Quot.sound]
'Universality.noncommutative_trace_difference' depends on axioms: [propext, Classical.choice, Quot.sound]
'Universality.noncommutative_spectra_disjoint' depends on axioms: [propext, Classical.choice, Quot.sound]
'Universality.no_classification_by_multiplicative_observations' depends on axioms: [propext, Quot.sound]
'Universality.FiniteNetwork.massMatrix_half' depends on axioms: [propext, Classical.choice, Quot.sound]
'Universality.FiniteNetwork.fastConditionalCount_eq' depends on axioms: [propext, Classical.choice, Quot.sound]
'Universality.wheatstone_outer_pair_counts' depends on axioms: [propext, Classical.choice, Quot.sound]
'Universality.spectralRadius_eq_of_positive_eigenvector' depends on axioms: [propext, Classical.choice, Quot.sound]
'Universality.spectralRadius_positive_twoByTwo' depends on axioms: [propext, Classical.choice, Quot.sound]
'Universality.noncommutative_logarithmic_growth_ne' depends on axioms: [propext, Classical.choice, Quot.sound]
'Universality.common_positive_vector_spectralRadius_mul' depends on axioms: [propext, Classical.choice, Quot.sound]
'Universality.wheatstone_unique_interior_fixed_point' depends on axioms: [propext, Classical.choice, Quot.sound]
'Universality.wheatstone_pivotal_left_eigenvector' depends on axioms: [propext, Classical.choice, Quot.sound]
'Universality.wheatstone_full_spectralRadius' depends on axioms: [propext, Classical.choice, Quot.sound]
'Universality.massPlane_spectralRadius' depends on axioms: [propext, Classical.choice, Quot.sound]
'Universality.massPlaneBlock_mul' depends on axioms: [propext, Classical.choice, Quot.sound]
'Universality.matrix_row_sum_dimension' depends on axioms: [propext, Classical.choice, Quot.sound]
'Universality.FiniteNetwork.indexedConditioningCount_eq' depends on axioms: [propext, Classical.choice, Quot.sound]
'Universality.commensurate_iff_rational_log_ratio' depends on axioms: [propext, Classical.choice, Quot.sound]
'Universality.explicit_scales_pairwise_incommensurate' depends on axioms: [propext, Classical.choice, Quot.sound]
'Universality.weighted_word_sum' depends on axioms: [propext, Quot.sound]
'Universality.signed_wheatstone_packet' depends on axioms: [propext, Classical.choice, Quot.sound]
'Universality.Certificates.certificateBase19_integer_moments' depends on axioms: [propext]
'Universality.Certificates.certificateBase661_integer_moments' depends on axioms: [propext]
'Universality.Certificates.certificateBase739_integer_moments' depends on axioms: [propext]
'Universality.Certificates.certificateShifted19_integer_moments' depends on axioms: [propext]
'Universality.FiniteNetwork.generationResponse_eq_matrix_power' depends on axioms: [propext,
 Classical.choice,
 Quot.sound]
'Universality.FiniteNetwork.generationResponse_dimension' depends on axioms: [propext, Classical.choice, Quot.sound]
'Universality.iterateUntilFixed_eq' does not depend on any axioms
'Universality.FiniteNetwork.substitutedReachable_iff_active' depends on axioms: [propext, Classical.choice, Quot.sound]
'Universality.FiniteNetwork.coarse_configuration_weight' depends on axioms: [propext, Classical.choice, Quot.sound]
'Universality.FiniteNetwork.substitutedReliability_eq' depends on axioms: [propext, Classical.choice, Quot.sound]
'Universality.FiniteNetwork.hasDerivAt_substitutedReliability' depends on axioms: [propext,
 Classical.choice,
 Quot.sound]
'Universality.FiniteNetwork.NetworkSymmetry.massMatrix_reverse' depends on axioms: [propext,
 Classical.choice,
 Quot.sound]
'Universality.cyclic_word_spectralRadius_eq' depends on axioms: [propext, Classical.choice, Quot.sound]
'Universality.cyclic_derivative_multiplier' depends on axioms: [propext, Classical.choice, Quot.sound]
'Universality.FiniteNetwork.ConnectivityCertificate.reachable_iff' depends on axioms: [propext]
'Universality.FiniteNetwork.certified_conditionalCount' depends on axioms: [propext, Classical.choice, Quot.sound]
'Universality.oppositeWheatstone_exact_counts' depends on axioms: [propext, Classical.choice, Quot.sound]
'Universality.oppositeWheatstone_fair_block' depends on axioms: [propext, Classical.choice, Quot.sound]
'Universality.FiniteNetwork.substitutedChildState_eq_local' depends on axioms: [propext, Classical.choice, Quot.sound]
'Universality.FiniteNetwork.coarse_cell_expectation' depends on axioms: [propext, Classical.choice, Quot.sound]
'Universality.FiniteNetwork.substitutedMassMatrix_eq_mul' depends on axioms: [propext, Classical.choice, Quot.sound]
'Universality.FiniteNetwork.substitute_massMatrix_mul' depends on axioms: [propext, Classical.choice, Quot.sound]
'Universality.FiniteNetwork.substitute_terminal_distance' depends on axioms: [propext, Classical.choice, Quot.sound]
'Universality.reordered_rules_terminal_distances' depends on axioms: [propext, Classical.choice, Quot.sound]
'Universality.reordered_rules_derivatives' depends on axioms: [propext, Classical.choice, Quot.sound]
'Universality.reordered_graph_mass_spectralRadii_ne' depends on axioms: [propext, Classical.choice, Quot.sound]
'Universality.no_multiplicative_classification_of_graph_mass' depends on axioms: [propext, Classical.choice, Quot.sound]
'Universality.oppositeWheatstone_unique_interior_fixed_point' depends on axioms: [propext, Classical.choice, Quot.sound]
'Universality.FiniteNetwork.russo_formula' depends on axioms: [propext, Classical.choice, Quot.sound]
'Universality.FiniteNetwork.conditional_connected_pivotalCount_at_fixed_point' depends on axioms: [propext,
 Classical.choice,
 Quot.sound]
'Universality.Rule.generation_massMatrix' depends on axioms: [propext, Classical.choice, Quot.sound]
'Universality.Rule.pivotal_dimension' depends on axioms: [propext, Classical.choice, Quot.sound]
'Universality.Rule.conditional_cluster_mass_dimension' depends on axioms: [propext, Classical.choice, Quot.sound]
'Universality.FiniteNetwork.childState_row_identity' depends on axioms: [propext, Classical.choice, Quot.sound]
'Universality.FiniteNetwork.pivotal_left_eigenvector' depends on axioms: [propext, Classical.choice, Quot.sound]
'Universality.FiniteNetwork.massMatrix_preservesMassPlane' depends on axioms: [propext, Classical.choice, Quot.sound]
'Universality.FiniteNetwork.NetworkSymmetry.substitute' depends on axioms: [propext, Classical.choice, Quot.sound]
'Universality.reordered_graph_cluster_mass_dimensions_differ' depends on axioms: [propext, Classical.choice, Quot.sound]
'Universality.no_multiplicative_classification_of_cluster_mass_growth' depends on axioms: [propext,
 Classical.choice,
 Quot.sound]
'Universality.FiniteNetwork.massMatrix_pos_iff' depends on axioms: [propext, Classical.choice, Quot.sound]
'Universality.Rule.finite_cluster_mass_dimension' depends on axioms: [propext, Classical.choice, Quot.sound]
'Universality.FiniteNetwork.connected_counting_identity' depends on axioms: [propext, Classical.choice, Quot.sound]
'Universality.FiniteNetwork.disconnected_counting_identity' depends on axioms: [propext, Classical.choice, Quot.sound]
'Universality.FiniteNetwork.pivotal_right_eigenvector_at_fixed_point' depends on axioms: [propext,
 Classical.choice,
 Quot.sound]
'Universality.FiniteNetwork.massMatrix_critical_block_decomposition' depends on axioms: [propext,
 Classical.choice,
 Quot.sound]
'Universality.FiniteNetwork.massMatrix_real_diagonalization' depends on axioms: [propext, Classical.choice, Quot.sound]
'Universality.FiniteNetwork.mass_spectral_dominance' depends on axioms: [propext, Classical.choice, Quot.sound]
'Universality.Rule.exact_conditional_cluster_mass' depends on axioms: [propext, Classical.choice, Quot.sound]
'Universality.three_state_fourth_power_pos' depends on axioms: [propext, Classical.choice, Quot.sound]
'Universality.no_multiplicative_classification_of_admissible_mass_growth' depends on axioms: [propext,
 Classical.choice,
 Quot.sound]
'Universality.FiniteNetwork.derivative_zero_zero' depends on axioms: [propext, Classical.choice, Quot.sound]
'Universality.FiniteNetwork.interior_fixed_point_iff_single_deletions_survive' depends on axioms: [propext,
 Classical.choice,
 Quot.sound]
'Universality.FiniteNetwork.reliability_derivative_pos' depends on axioms: [propext, Classical.choice, Quot.sound]
'Universality.Rule.finite_three_growth_formulas' depends on axioms: [propext, Classical.choice, Quot.sound]
'Universality.Rule.interior_fixed_point_spectral_dominance' depends on axioms: [propext, Classical.choice, Quot.sound]
'Universality.Rule.Classical.mass_dimension' depends on axioms: [propext, Classical.choice, Quot.sound]
'Universality.Rule.Classical.pivotal_dimension' depends on axioms: [propext, Classical.choice, Quot.sound]
'Universality.wheatstoneRule_classical' depends on axioms: [propext, Classical.choice, Quot.sound]
'Universality.oppositeWheatstoneRule_classical' depends on axioms: [propext, Classical.choice, Quot.sound]
'Universality.FiniteNetwork.massMatrix_fourth_power_pos' depends on axioms: [propext, Classical.choice, Quot.sound]
'Universality.FiniteNetwork.strict_bernoulli_poincare' depends on axioms: [propext, Classical.choice, Quot.sound]
'Universality.FiniteNetwork.interior_fixed_point_strictly_unstable' depends on axioms: [propext,
 Classical.choice,
 Quot.sound]
'Universality.FiniteNetwork.interior_fixed_point_unique' depends on axioms: [propext, Classical.choice, Quot.sound]
'Universality.Rule.generation_crossing_tendsto_zero' depends on axioms: [propext, Classical.choice, Quot.sound]
'Universality.Rule.generation_crossing_tendsto_one' depends on axioms: [propext, Classical.choice, Quot.sound]
'Universality.Rule.Classical.finite_crossing_transition' depends on axioms: [propext, Classical.choice, Quot.sound]
'Universality.Rule.Classical.pivotal_mass_inequalities' depends on axioms: [propext, Classical.choice, Quot.sound]
Verified 225 project modules.
